{
  "dataSetTitle": "data set title 2",
  "publicationName": "publication name 2",
  "releaseLabel": "release label 2",
  "releaseName": "release name 2",
  "releaseVersionId": "254d53e4-1194-4285-82bd-d8a3b7c0853d",
  "subjectId": "19b4993d-3d32-4e64-9573-d9baac320857"
}
