{
  "dataSetName": "data set name 2",
  "publicationName": "publication name 2",
  "releaseLabel": "release label 2",
  "releaseName": "release name 2",
  "releaseVersionId": "254d53e4-1194-4285-82bd-d8a3b7c0853d",
  "subjectId": "39132b60-d4a0-4b62-befe-ba10cea4b30e"
}
