{
  "dataSetTitle": "data set title 1",
  "publicationName": "publication name 1",
  "releaseLabel": "release label 1",
  "releaseName": "release name 1",
  "releaseVersionId": "5d3c0aec-c147-48ce-ae26-ef765ffa4a5b",
  "subjectId": "714b997f-3d7c-4c02-843b-55abf944cb4f"
}
