Test publication
2020 Reporting year

This document describes the data included in the ‘Children looked after in England'

Data files

Test data 1

Filename: test-1.csv
Time period: 2018

Variable names and descriptions for this file are provided below:

Variable name       |  Variable description
------------------  |  ------------------
accommodation_type  |  Accommodation type

Footnotes:

1. Footnote 1
2. Footnote 2
3. Footnote 3
4. Footnote 4
5. Footnote 5
6. Footnote 6
7. Footnote 7
8. Footnote 8
9. Footnote 9
   over some
   lines.
10. Footnote 10
11. Footnote 11
    over some
    other lines.
