{
  "startTime": "2025-02-28T03:07:44.850Z",
  "type": "GetPublications"
}
