time_period,time_identifier,geographic_level,country_code,country_name,region_code,region_name,filter_0_grouping,filter_1_grouping,filter_0_name,filter_1_name,filter_2_name,indicator_0_name,indicator_1_name,indicator_2_name
202223,Academic year,Regional,E92000001,England,E13000002,Outer London,Filter group 0,Filter group 2,FilterItem 0 :: Label,FilterItem 2 :: Label,FilterItem 4 :: Label,-29241,32490,-26972
202223,Academic year,Regional,E92000001,England,E13000002,Outer London,Filter group 0,Filter group 2,FilterItem 0 :: Label,FilterItem 2 :: Label,FilterItem 4 :: Label,11391,-31271,-1597
202324,Academic year,Regional,E92000001,England,E12000003,Yorkshire and the Humber,Filter group 1,Filter group 3,FilterItem 1 :: Label,FilterItem 3 :: Label,FilterItem 5 :: Label,-13513,-29497,23779
202324,Academic year,Regional,E92000001,England,E12000003,Yorkshire and the Humber,Filter group 1,Filter group 3,FilterItem 1 :: Label,FilterItem 3 :: Label,FilterItem 5 :: Label,27119,-27723,-16381
