time_period,time_identifier,geographic_level,country_code,country_name,region_code,region_name,name_of_indicator_0,name_of_indicator_1
202223,Academic year,Regional,E92000001,England,E12000005,West Midlands,32462,11611
202223,Academic year,Regional,E92000001,England,E12000005,West Midlands,7559,13385
202223,Academic year,Regional,E92000001,England,E13000001,Inner London,-17345,15159
202223,Academic year,Regional,E92000001,England,E13000001,Inner London,23287,16933
