{
  "child": {
    "field1": "ChildValue1",
    "field2": "ChildValue2",
    "field3": "ChildValue3"
  },
  "field1": "Value1",
  "field2": "Value2",
  "field3": "Value3"
}
