1. List item 1
2. List item 2
3. List item 3
4. List item 4
5. List item 5
6. List item 6
7. List item 7
8. List item 8
9. List item 9

   Over multiple lines
10. List item 10
11. List item 10

    Over multiple lines
