Cell 1  |  Cell 2
Cell 3  |  Cell 4

Test paragraph
