- List item 1
- Nested list

  - Nested list item 1
  - Nested list item 2
