{
  "Child": {
    "Field1": "ChildValue1",
    "Field2": "ChildValue2",
    "Field3": "ChildValue3"
  },
  "Field1": "Value1",
  "Field2": "Value2",
  "Field3": "Value3"
}
