// Jest Snapshot v1, https://goo.gl/fbAQLP

exports[`ButtonLink renders correctly with required props 1`] = `
<a class="govuk-button"
   aria-disabled="false"
   href="/"
>
  Test button
</a>
`;
