{
  "dataSetTitle": "ReleaseFile 0 :: Name",
  "publicationName": "Publication 0 :: Title",
  "releaseName": "Academic year 2000/01",
  "releaseVersionId": "0cac6aa8-5450-3146-a7c1-59624fcab65b",
  "subjectId": "3dd306f7-2e54-a0d6-4616-5bc96fef5da6"
}
