{
  "Caption": "Admission Numbers for 'Sample publication' in North East between 2022 and 2023",
  "Footnotes": [
    {
      "Id": "6f460c1a-755d-d8e4-ad67-65d5f519dbc8",
      "Label": "Content of Footnote 0"
    },
    {
      "Id": "8286d046-9740-a3e4-95cf-ff46699c73c4",
      "Label": "Content of Footnote 1"
    }
  ],
  "Json": {
    "thead": [
      [
        {
          "colSpan": 1,
          "rowSpan": 1,
          "tag": "td"
        },
        {
          "colSpan": 1,
          "rowSpan": 1,
          "scope": "col",
          "text": "2022",
          "tag": "th"
        },
        {
          "colSpan": 1,
          "rowSpan": 1,
          "scope": "col",
          "text": "2023",
          "tag": "th"
        }
      ]
    ],
    "tbody": [
      [
        {
          "rowSpan": 1,
          "colSpan": 1,
          "scope": "row",
          "text": "Admission Numbers",
          "tag": "th"
        },
        {
          "tag": "td",
          "text": "7,731"
        },
        {
          "tag": "td",
          "text": "7,357"
        }
      ]
    ]
  }
}
