// Jest Snapshot v1, https://goo.gl/fbAQLP

exports[`FiltersForm renders a read-only view of selected options when no longer the current step 1`] = `
<dl
  class="govuk-summary-list govuk-summary-list--no-border"
>
  <div
    class="govuk-summary-list__row"
    data-testid="Indicators"
  >
    <dt
      class="govuk-summary-list__key"
    >
      Indicators
    </dt>
    <dd
      class="govuk-summary-list__value"
    >
      <ul
        class="govuk-list listContainer"
      >
        <li>
          Number of excluded sessions
        </li>
      </ul>
    </dd>
  </div>
  <div
    class="govuk-summary-list__row"
    data-testid="School type"
  >
    <dt
      class="govuk-summary-list__key"
    >
      School type
    </dt>
    <dd
      class="govuk-summary-list__value"
    >
      <ul
        class="govuk-list listContainer"
      >
        <li>
          State-funded secondary
        </li>
      </ul>
    </dd>
  </div>
  <div
    class="govuk-summary-list__row"
    data-testid="Characteristic"
  >
    <dt
      class="govuk-summary-list__key"
    >
      Characteristic
    </dt>
    <dd
      class="govuk-summary-list__value"
    >
      <ul
        class="govuk-list listContainer"
      >
        <li>
          Ethnicity Major Black Total
        </li>
      </ul>
    </dd>
  </div>
</dl>
`;
