// Jest Snapshot v1, https://goo.gl/fbAQLP

exports[`TimePeriodDataTable renders table with completely empty columns removed 1`] = `
<thead class="tableHead">
  <tr>
    <td colspan="3"
        rowspan="2"
        class="borderBottom"
    >
    </td>
    <th colspan="3"
        rowspan="1"
        scope="colgroup"
    >
      First language Known or believed to be other than English
    </th>
    <th colspan="1"
        rowspan="1"
        scope="colgroup"
    >
      First language Unclassified
    </th>
  </tr>
  <tr>
    <th colspan="1"
        rowspan="1"
        scope="col"
    >
      2013/14
    </th>
    <th colspan="1"
        rowspan="1"
        scope="col"
    >
      2014/15
    </th>
    <th colspan="1"
        rowspan="1"
        scope="col"
    >
      2015/16
    </th>
    <th colspan="1"
        rowspan="1"
        scope="col"
    >
      2013/14
    </th>
  </tr>
</thead>
<tbody>
  <tr>
    <th class="borderBottom"
        rowspan="2"
        colspan="1"
        scope="rowgroup"
    >
      Coventry
    </th>
    <th class="borderBottom"
        rowspan="2"
        colspan="1"
        scope="rowgroup"
    >
      Special
    </th>
    <th class
        rowspan="1"
        colspan="1"
        scope="row"
    >
      Number of authorised absence sessions
    </th>
    <td class="govuk-table__cell--numeric">
      6,492
    </td>
    <td class="govuk-table__cell--numeric">
      5,542
    </td>
    <td class="govuk-table__cell--numeric">
      4,185
    </td>
    <td class="govuk-table__cell--numeric">
      n/a
    </td>
  </tr>
  <tr>
    <th class
        rowspan="1"
        colspan="1"
        scope="row"
    >
      Number of overall absence sessions
    </th>
    <td class="govuk-table__cell--numeric borderBottom">
      7,280
    </td>
    <td class="govuk-table__cell--numeric borderBottom">
      6,493
    </td>
    <td class="govuk-table__cell--numeric borderBottom">
      5,142
    </td>
    <td class="govuk-table__cell--numeric borderBottom">
      n/a
    </td>
  </tr>
  <tr>
    <th class="borderBottom"
        rowspan="2"
        colspan="1"
        scope="rowgroup"
    >
      Croydon
    </th>
    <th class="borderBottom"
        rowspan="2"
        colspan="1"
        scope="rowgroup"
    >
      Special
    </th>
    <th class
        rowspan="1"
        colspan="1"
        scope="row"
    >
      Number of authorised absence sessions
    </th>
    <td class="govuk-table__cell--numeric">
      4,179
    </td>
    <td class="govuk-table__cell--numeric">
      4,809
    </td>
    <td class="govuk-table__cell--numeric">
      5,322
    </td>
    <td class="govuk-table__cell--numeric">
      x
    </td>
  </tr>
  <tr>
    <th class
        rowspan="1"
        colspan="1"
        scope="row"
    >
      Number of overall absence sessions
    </th>
    <td class="govuk-table__cell--numeric borderBottom">
      4,390
    </td>
    <td class="govuk-table__cell--numeric borderBottom">
      5,076
    </td>
    <td class="govuk-table__cell--numeric borderBottom">
      5,483
    </td>
    <td class="govuk-table__cell--numeric borderBottom">
      x
    </td>
  </tr>
</tbody>
`;

exports[`TimePeriodDataTable renders table with completely empty rows removed 1`] = `
<thead class="tableHead">
  <tr>
    <td colspan="3"
        rowspan="2"
        class="borderBottom"
    >
    </td>
    <th colspan="3"
        rowspan="1"
        scope="colgroup"
    >
      Special
    </th>
  </tr>
  <tr>
    <th colspan="1"
        rowspan="1"
        scope="col"
    >
      2013/14
    </th>
    <th colspan="1"
        rowspan="1"
        scope="col"
    >
      2014/15
    </th>
    <th colspan="1"
        rowspan="1"
        scope="col"
    >
      2015/16
    </th>
  </tr>
</thead>
<tbody>
  <tr>
    <th class="borderBottom"
        rowspan="2"
        colspan="1"
        scope="rowgroup"
    >
      Coventry
    </th>
    <th class="borderBottom"
        rowspan="2"
        colspan="1"
        scope="rowgroup"
    >
      First language Known or believed to be other than English
    </th>
    <th class
        rowspan="1"
        colspan="1"
        scope="row"
    >
      Number of authorised absence sessions
    </th>
    <td class="govuk-table__cell--numeric">
      6,492
    </td>
    <td class="govuk-table__cell--numeric">
      5,542
    </td>
    <td class="govuk-table__cell--numeric">
      4,185
    </td>
  </tr>
  <tr>
    <th class
        rowspan="1"
        colspan="1"
        scope="row"
    >
      Number of overall absence sessions
    </th>
    <td class="govuk-table__cell--numeric borderBottom">
      7,280
    </td>
    <td class="govuk-table__cell--numeric borderBottom">
      6,493
    </td>
    <td class="govuk-table__cell--numeric borderBottom">
      5,142
    </td>
  </tr>
  <tr>
    <th class="borderBottom"
        rowspan="4"
        colspan="1"
        scope="rowgroup"
    >
      Croydon
    </th>
    <th class="borderBottom"
        rowspan="2"
        colspan="1"
        scope="rowgroup"
    >
      First language Known or believed to be other than English
    </th>
    <th class
        rowspan="1"
        colspan="1"
        scope="row"
    >
      Number of authorised absence sessions
    </th>
    <td class="govuk-table__cell--numeric">
      4,179
    </td>
    <td class="govuk-table__cell--numeric">
      4,809
    </td>
    <td class="govuk-table__cell--numeric">
      5,322
    </td>
  </tr>
  <tr>
    <th class
        rowspan="1"
        colspan="1"
        scope="row"
    >
      Number of overall absence sessions
    </th>
    <td class="govuk-table__cell--numeric borderBottom">
      4,390
    </td>
    <td class="govuk-table__cell--numeric borderBottom">
      5,076
    </td>
    <td class="govuk-table__cell--numeric borderBottom">
      5,483
    </td>
  </tr>
  <tr>
    <th class="borderBottom"
        rowspan="2"
        colspan="1"
        scope="rowgroup"
    >
      First language Unclassified
    </th>
    <th class
        rowspan="1"
        colspan="1"
        scope="row"
    >
      Number of authorised absence sessions
    </th>
    <td class="govuk-table__cell--numeric">
      x
    </td>
    <td class="govuk-table__cell--numeric">
      n/a
    </td>
    <td class="govuk-table__cell--numeric">
      n/a
    </td>
  </tr>
  <tr>
    <th class
        rowspan="1"
        colspan="1"
        scope="row"
    >
      Number of overall absence sessions
    </th>
    <td class="govuk-table__cell--numeric borderBottom">
      x
    </td>
    <td class="govuk-table__cell--numeric borderBottom">
      n/a
    </td>
    <td class="govuk-table__cell--numeric borderBottom">
      n/a
    </td>
  </tr>
</tbody>
`;

exports[`TimePeriodDataTable renders table with no filters 1`] = `
<thead class="tableHead">
  <tr>
    <td colspan="2"
        rowspan="1"
        class="borderBottom"
    >
    </td>
    <th colspan="1"
        rowspan="1"
        scope="col"
    >
      2014/15
    </th>
    <th colspan="1"
        rowspan="1"
        scope="col"
    >
      2015/16
    </th>
    <th colspan="1"
        rowspan="1"
        scope="col"
    >
      2016/17
    </th>
  </tr>
</thead>
<tbody>
  <tr>
    <th class="borderBottom"
        rowspan="3"
        colspan="1"
        scope="rowgroup"
    >
      England
    </th>
    <th class
        rowspan="1"
        colspan="1"
        scope="row"
    >
      Authorised absence rate
    </th>
    <td class="govuk-table__cell--numeric borderBottom">
      18.3%
    </td>
    <td class="govuk-table__cell--numeric borderBottom">
      18.6%
    </td>
    <td class="govuk-table__cell--numeric borderBottom">
      19.2%
    </td>
  </tr>
  <tr>
    <th class
        rowspan="1"
        colspan="1"
        scope="row"
    >
      Number of authorised absence sessions
    </th>
    <td class="govuk-table__cell--numeric borderBottom">
      1,280,964
    </td>
    <td class="govuk-table__cell--numeric borderBottom">
      1,397,521
    </td>
    <td class="govuk-table__cell--numeric borderBottom">
      1,488,865
    </td>
  </tr>
  <tr>
    <th class
        rowspan="1"
        colspan="1"
        scope="row"
    >
      Number of overall absence sessions
    </th>
    <td class="govuk-table__cell--numeric borderBottom">
      2,212,399
    </td>
    <td class="govuk-table__cell--numeric borderBottom">
      2,453,340
    </td>
    <td class="govuk-table__cell--numeric borderBottom">
      2,637,752
    </td>
  </tr>
</tbody>
`;

exports[`TimePeriodDataTable renders table with only one of each option 1`] = `
<thead class="tableHead">
  <tr>
    <td colspan="1"
        rowspan="1"
        class="borderBottom"
    >
    </td>
    <th colspan="1"
        rowspan="1"
        scope="col"
    >
      Ethnicity Major Asian Total
    </th>
  </tr>
</thead>
<tbody>
  <tr>
    <th class
        rowspan="1"
        colspan="1"
        scope="row"
    >
      England
    </th>
    <td class="govuk-table__cell--numeric borderBottom">
      18.3%
    </td>
  </tr>
</tbody>
`;

exports[`TimePeriodDataTable renders table with only one of each option and no filters 1`] = `
<thead class="tableHead">
  <tr>
    <td colspan="1"
        rowspan="1"
        class="borderBottom"
    >
    </td>
    <th colspan="1"
        rowspan="1"
        scope="col"
    >
      2014/15
    </th>
  </tr>
</thead>
<tbody>
  <tr>
    <th class
        rowspan="1"
        colspan="1"
        scope="row"
    >
      England
    </th>
    <td class="govuk-table__cell--numeric borderBottom">
      18.3%
    </td>
  </tr>
</tbody>
`;

exports[`TimePeriodDataTable renders table with only one of each option and no filters or locations 1`] = `
<thead class="tableHead">
  <tr>
    <td colspan="1"
        rowspan="1"
        class="borderBottom"
    >
    </td>
    <th colspan="1"
        rowspan="1"
        scope="col"
    >
      2014/15
    </th>
  </tr>
</thead>
<tbody>
  <tr>
    <th class
        rowspan="1"
        colspan="1"
        scope="row"
    >
      England
    </th>
    <td class="govuk-table__cell--numeric borderBottom">
      18.3%
    </td>
  </tr>
</tbody>
`;

exports[`TimePeriodDataTable renders table with two of every option 1`] = `
<thead class="tableHead">
  <tr>
    <td colspan="3"
        rowspan="2"
        class="borderBottom"
    >
    </td>
    <th colspan="2"
        rowspan="1"
        scope="colgroup"
    >
      Ethnicity Major Asian Total
    </th>
    <th colspan="2"
        rowspan="1"
        scope="colgroup"
    >
      Ethnicity Major Black Total
    </th>
  </tr>
  <tr>
    <th colspan="1"
        rowspan="1"
        scope="col"
    >
      2013/14
    </th>
    <th colspan="1"
        rowspan="1"
        scope="col"
    >
      2014/15
    </th>
    <th colspan="1"
        rowspan="1"
        scope="col"
    >
      2013/14
    </th>
    <th colspan="1"
        rowspan="1"
        scope="col"
    >
      2014/15
    </th>
  </tr>
</thead>
<tbody>
  <tr>
    <th class="borderBottom"
        rowspan="4"
        colspan="1"
        scope="rowgroup"
    >
      State-funded primary
    </th>
    <th class="borderBottom"
        rowspan="2"
        colspan="1"
        scope="rowgroup"
    >
      Barnet
    </th>
    <th class
        rowspan="1"
        colspan="1"
        scope="row"
    >
      Number of authorised absence sessions
    </th>
    <td class="govuk-table__cell--numeric">
      32,125
    </td>
    <td class="govuk-table__cell--numeric">
      33,725
    </td>
    <td class="govuk-table__cell--numeric">
      31,241
    </td>
    <td class="govuk-table__cell--numeric">
      31,322
    </td>
  </tr>
  <tr>
    <th class
        rowspan="1"
        colspan="1"
        scope="row"
    >
      Number of overall absence sessions
    </th>
    <td class="govuk-table__cell--numeric borderBottom">
      39,697
    </td>
    <td class="govuk-table__cell--numeric borderBottom">
      41,239
    </td>
    <td class="govuk-table__cell--numeric borderBottom">
      41,945
    </td>
    <td class="govuk-table__cell--numeric borderBottom">
      41,228
    </td>
  </tr>
  <tr>
    <th class="borderBottom"
        rowspan="2"
        colspan="1"
        scope="rowgroup"
    >
      Barnsley
    </th>
    <th class
        rowspan="1"
        colspan="1"
        scope="row"
    >
      Number of authorised absence sessions
    </th>
    <td class="govuk-table__cell--numeric">
      1,135
    </td>
    <td class="govuk-table__cell--numeric">
      1,582
    </td>
    <td class="govuk-table__cell--numeric">
      904
    </td>
    <td class="govuk-table__cell--numeric">
      939
    </td>
  </tr>
  <tr>
    <th class
        rowspan="1"
        colspan="1"
        scope="row"
    >
      Number of overall absence sessions
    </th>
    <td class="govuk-table__cell--numeric borderBottom">
      1,512
    </td>
    <td class="govuk-table__cell--numeric borderBottom">
      2,122
    </td>
    <td class="govuk-table__cell--numeric borderBottom">
      1,215
    </td>
    <td class="govuk-table__cell--numeric borderBottom">
      1,268
    </td>
  </tr>
  <tr>
    <th class="borderBottom"
        rowspan="4"
        colspan="1"
        scope="rowgroup"
    >
      State-funded secondary
    </th>
    <th class="borderBottom"
        rowspan="2"
        colspan="1"
        scope="rowgroup"
    >
      Barnet
    </th>
    <th class
        rowspan="1"
        colspan="1"
        scope="row"
    >
      Number of authorised absence sessions
    </th>
    <td class="govuk-table__cell--numeric">
      30,389
    </td>
    <td class="govuk-table__cell--numeric">
      31,244
    </td>
    <td class="govuk-table__cell--numeric">
      25,741
    </td>
    <td class="govuk-table__cell--numeric">
      26,594
    </td>
  </tr>
  <tr>
    <th class
        rowspan="1"
        colspan="1"
        scope="row"
    >
      Number of overall absence sessions
    </th>
    <td class="govuk-table__cell--numeric borderBottom">
      34,689
    </td>
    <td class="govuk-table__cell--numeric borderBottom">
      36,083
    </td>
    <td class="govuk-table__cell--numeric borderBottom">
      33,422
    </td>
    <td class="govuk-table__cell--numeric borderBottom">
      37,084
    </td>
  </tr>
  <tr>
    <th class="borderBottom"
        rowspan="2"
        colspan="1"
        scope="rowgroup"
    >
      Barnsley
    </th>
    <th class
        rowspan="1"
        colspan="1"
        scope="row"
    >
      Number of authorised absence sessions
    </th>
    <td class="govuk-table__cell--numeric">
      481
    </td>
    <td class="govuk-table__cell--numeric">
      274
    </td>
    <td class="govuk-table__cell--numeric">
      442
    </td>
    <td class="govuk-table__cell--numeric">
      745
    </td>
  </tr>
  <tr>
    <th class
        rowspan="1"
        colspan="1"
        scope="row"
    >
      Number of overall absence sessions
    </th>
    <td class="govuk-table__cell--numeric borderBottom">
      752
    </td>
    <td class="govuk-table__cell--numeric borderBottom">
      571
    </td>
    <td class="govuk-table__cell--numeric borderBottom">
      788
    </td>
    <td class="govuk-table__cell--numeric borderBottom">
      1,105
    </td>
  </tr>
</tbody>
`;

exports[`TimePeriodDataTable renders table without indicators when there is only one 1`] = `
<thead class="tableHead">
  <tr>
    <td colspan="2"
        rowspan="2"
        class="borderBottom"
    >
    </td>
    <th colspan="2"
        rowspan="1"
        scope="colgroup"
    >
      Ethnicity Major Asian Total
    </th>
    <th colspan="2"
        rowspan="1"
        scope="colgroup"
    >
      Ethnicity Major Black Total
    </th>
  </tr>
  <tr>
    <th colspan="1"
        rowspan="1"
        scope="col"
    >
      2013/14
    </th>
    <th colspan="1"
        rowspan="1"
        scope="col"
    >
      2014/15
    </th>
    <th colspan="1"
        rowspan="1"
        scope="col"
    >
      2013/14
    </th>
    <th colspan="1"
        rowspan="1"
        scope="col"
    >
      2014/15
    </th>
  </tr>
</thead>
<tbody>
  <tr>
    <th class="borderBottom"
        rowspan="2"
        colspan="1"
        scope="rowgroup"
    >
      State-funded primary
    </th>
    <th class
        rowspan="1"
        colspan="1"
        scope="row"
    >
      Barnet
    </th>
    <td class="govuk-table__cell--numeric">
      3.4%
    </td>
    <td class="govuk-table__cell--numeric">
      3.4%
    </td>
    <td class="govuk-table__cell--numeric">
      2.9%
    </td>
    <td class="govuk-table__cell--numeric">
      2.8%
    </td>
  </tr>
  <tr>
    <th class
        rowspan="1"
        colspan="1"
        scope="row"
    >
      Barnsley
    </th>
    <td class="govuk-table__cell--numeric borderBottom">
      3.7%
    </td>
    <td class="govuk-table__cell--numeric borderBottom">
      4.3%
    </td>
    <td class="govuk-table__cell--numeric borderBottom">
      2.5%
    </td>
    <td class="govuk-table__cell--numeric borderBottom">
      2.4%
    </td>
  </tr>
  <tr>
    <th class="borderBottom"
        rowspan="2"
        colspan="1"
        scope="rowgroup"
    >
      State-funded secondary
    </th>
    <th class
        rowspan="1"
        colspan="1"
        scope="row"
    >
      Barnet
    </th>
    <td class="govuk-table__cell--numeric">
      3.3%
    </td>
    <td class="govuk-table__cell--numeric">
      3.3%
    </td>
    <td class="govuk-table__cell--numeric">
      2.9%
    </td>
    <td class="govuk-table__cell--numeric">
      3.0%
    </td>
  </tr>
  <tr>
    <th class
        rowspan="1"
        colspan="1"
        scope="row"
    >
      Barnsley
    </th>
    <td class="govuk-table__cell--numeric borderBottom">
      3.3%
    </td>
    <td class="govuk-table__cell--numeric borderBottom">
      2.1%
    </td>
    <td class="govuk-table__cell--numeric borderBottom">
      1.8%
    </td>
    <td class="govuk-table__cell--numeric borderBottom">
      2.6%
    </td>
  </tr>
</tbody>
`;

exports[`TimePeriodDataTable renders table without time period when there is only one 1`] = `
<thead class="tableHead">
  <tr>
    <td colspan="2"
        rowspan="1"
        class="borderBottom"
    >
    </td>
    <th colspan="1"
        rowspan="1"
        scope="col"
    >
      Ethnicity Major Asian Total
    </th>
    <th colspan="1"
        rowspan="1"
        scope="col"
    >
      Ethnicity Major Black Total
    </th>
  </tr>
</thead>
<tbody>
  <tr>
    <th class="borderBottom"
        rowspan="2"
        colspan="1"
        scope="rowgroup"
    >
      State-funded primary
    </th>
    <th class
        rowspan="1"
        colspan="1"
        scope="row"
    >
      Barnet
    </th>
    <td class="govuk-table__cell--numeric">
      3.4%
    </td>
    <td class="govuk-table__cell--numeric">
      2.8%
    </td>
  </tr>
  <tr>
    <th class
        rowspan="1"
        colspan="1"
        scope="row"
    >
      Barnsley
    </th>
    <td class="govuk-table__cell--numeric borderBottom">
      4.3%
    </td>
    <td class="govuk-table__cell--numeric borderBottom">
      2.4%
    </td>
  </tr>
  <tr>
    <th class="borderBottom"
        rowspan="2"
        colspan="1"
        scope="rowgroup"
    >
      State-funded secondary
    </th>
    <th class
        rowspan="1"
        colspan="1"
        scope="row"
    >
      Barnet
    </th>
    <td class="govuk-table__cell--numeric">
      3.3%
    </td>
    <td class="govuk-table__cell--numeric">
      3.0%
    </td>
  </tr>
  <tr>
    <th class
        rowspan="1"
        colspan="1"
        scope="row"
    >
      Barnsley
    </th>
    <td class="govuk-table__cell--numeric borderBottom">
      2.1%
    </td>
    <td class="govuk-table__cell--numeric borderBottom">
      2.6%
    </td>
  </tr>
</tbody>
`;
