{
  "downloadFormat": "ODS",
  "permalinkId": "75e0dbb6-4348-47f2-905b-cf4c67f9c249",
  "permalinkTitle": "the permalinkTitle"
}
