// Jest Snapshot v1, https://goo.gl/fbAQLP

exports[`DataBlock renders map instead of chart 1`] = `
<section
  aria-labelledby="test-datablock-charts-tab"
  class="govuk-tabs__panel dfe-content-overflow panel"
  id="test-datablock-charts"
  role="tabpanel"
  tabindex="-1"
>
  
  <a
    aria-live="assertive"
    class="govuk-visually-hidden"
    href="#test-datablock-tables"
  >
    If you are using a keyboard or a screen reader you may wish to view the accessible table instead. Press enter to switch to the data tables tab.
  </a>
  <form>
    <div
      class="govuk-form-group"
    >
      <fieldset
        class="govuk-fieldset"
        id="data-and-location"
      >
        <legend
          class="govuk-fieldset__legend govuk-fieldset__legend--l govuk-visually-hidden"
        >
          Select data and location to view indicators
        </legend>
        <div
          class="mapContainer"
        >
          <div
            class="govuk-form-group mapIndicator"
          >
            <label
              class="govuk-label"
              for="selectedIndicator"
            >
              1. Select data to view
            </label>
            <select
              class="govuk-select govuk-!-width-full"
              id="selectedIndicator"
              name="selectedIndicator"
            >
              <option
                value="23_1_2_____"
              >
                Label 23_1_2
              </option>
              <option
                value="26_1_2_____"
              >
                Label 26_1_2
              </option>
              <option
                value="28_1_2_____"
              >
                Label 28_1_2
              </option>
            </select>
          </div>
          <div
            class="govuk-form-group mapLocation"
          >
            <label
              class="govuk-label"
              for="selectedLocation"
            >
              2. Select a location
            </label>
            <select
              class="govuk-select"
              id="selectedLocation"
              name="selectedLocation"
            >
              <option
                value=""
              >
                Select...
              </option>
              <option
                value="E92000001"
              >
                England
              </option>
              <option
                value="S92000001"
              >
                Scotland
              </option>
            </select>
          </div>
        </div>
      </fieldset>
    </div>
  </form>
  <div
    class="mapContainer"
  >
    <div
      class="mapView"
    >
      <div
        class="map dfe-print-break-avoid leaflet-container leaflet-grab leaflet-touch-drag"
        style="width: 800px; height: 600px; position: relative;"
        tabindex="0"
      >
        <div
          class="leaflet-pane leaflet-map-pane"
          style="left: 0px; top: 0px;"
        >
          <div
            class="leaflet-pane leaflet-tile-pane"
          />
          <div
            class="leaflet-pane leaflet-shadow-pane"
          />
          <div
            class="leaflet-pane leaflet-overlay-pane"
          >
            <svg
              height="0"
              pointer-events="none"
              style="left: 0px; top: 0px;"
              viewBox="0 0 0 0"
              width="0"
            >
              <g>
                <path
                  class="uk leaflet-interactive"
                  d="M-3 3L-3 -3L3 -3L3 3z"
                  fill="#3388ff"
                  fill-opacity="0.2"
                  fill-rule="evenodd"
                  stroke="#3388ff"
                  stroke-linecap="round"
                  stroke-linejoin="round"
                  stroke-opacity="1"
                  stroke-width="3"
                />
                <path
                  class="leaflet-interactive"
                  d="M0 0"
                  fill="#3f0000"
                  fill-opacity="0.2"
                  fill-rule="evenodd"
                  stroke="#3388ff"
                  stroke-linecap="round"
                  stroke-linejoin="round"
                  stroke-opacity="1"
                  stroke-width="3"
                />
              </g>
            </svg>
          </div>
          <div
            class="leaflet-pane leaflet-marker-pane"
          />
          <div
            class="leaflet-pane leaflet-tooltip-pane"
          />
          <div
            class="leaflet-pane leaflet-popup-pane"
          />
        </div>
        <div
          class="leaflet-control-container"
        >
          <div
            class="leaflet-top leaflet-left"
          >
            <div
              class="leaflet-control-zoom leaflet-bar leaflet-control"
            >
              <a
                aria-label="Zoom in"
                class="leaflet-control-zoom-in"
                href="#"
                role="button"
                title="Zoom in"
              >
                +
              </a>
              <a
                aria-label="Zoom out"
                class="leaflet-control-zoom-out"
                href="#"
                role="button"
                title="Zoom out"
              >
                −
              </a>
            </div>
          </div>
          <div
            class="leaflet-top leaflet-right"
          />
          <div
            class="leaflet-bottom leaflet-left"
          />
          <div
            class="leaflet-bottom leaflet-right"
          >
            <div
              class="leaflet-control-attribution leaflet-control"
            >
              <a
                href="https://leafletjs.com"
                title="A JS library for interactive maps"
              >
                Leaflet
              </a>
            </div>
          </div>
        </div>
      </div>
    </div>
    <div
      aria-live="assertive"
      class="mapControls"
    >
      <div
        class="mapKey"
      >
        <h3
          class="govuk-heading-s"
        >
          Key to 
          Label 23_1_2
        </h3>
        <dl
          class="govuk-list"
        >
          <dd
            class="legend"
          >
            <span
              class="rate0"
              style="background-color: rgb(63, 0, 0);"
            >
               
            </span>
             
            -3
            %
              to 
            -3
            %
             
          </dd>
          <dd
            class="legend"
          >
            <span
              class="rate1"
              style="background-color: rgb(111, 0, 0);"
            >
               
            </span>
             
            -3
            %
              to 
            -3
            %
             
          </dd>
          <dd
            class="legend"
          >
            <span
              class="rate2"
              style="background-color: rgb(159, 0, 0);"
            >
               
            </span>
             
            -3
            %
              to 
            -2
            %
             
          </dd>
          <dd
            class="legend"
          >
            <span
              class="rate3"
              style="background-color: rgb(207, 0, 0);"
            >
               
            </span>
             
            -2
            %
              to 
            -2
            %
             
          </dd>
          <dd
            class="legend"
          >
            <span
              class="rate4"
              style="background-color: rgb(255, 0, 0);"
            >
               
            </span>
             
            -2
            %
              to 
            -2
            %
             
          </dd>
        </dl>
      </div>
    </div>
  </div>
  <div
    class="govuk-!-margin-top-6"
  >
    <p
      class="govuk-body-s"
    >
      Source: Department for Education
    </p>
  </div>
</section>
`;

exports[`DataBlock renders summary 1`] = `
<section
  aria-labelledby="test-datablock-summary-tab"
  class="govuk-tabs__panel dfe-content-overflow panel"
  id="test-datablock-summary"
  role="tabpanel"
  tabindex="-1"
>
  
  <div
    class="keyStatsContainer"
  >
    <div
      class="keyStatTile"
    >
      <div
        class="keyStat"
      >
        <h3
          class="govuk-heading-s"
          data-testid="key-stat-tile-title"
        >
          Unauthorised absence rate
        </h3>
        <p
          class="govuk-heading-xl"
          data-testid="key-stat-tile-value"
        >
          -3%
        </p>
        <p
          class="govuk-body-s"
        >
          up 10%
        </p>
      </div>
      <details
        class="govuk-details"
        role="group"
      >
        <summary
          aria-controls="details-content-4"
          aria-expanded="false"
          class="govuk-details__summary"
          role="button"
          tabindex="0"
        >
          <span
            class="govuk-details__summary-text"
            data-testid="Expand Details Section Define 'Unauthorised absence rate'"
          >
            Define 'Unauthorised absence rate'
          </span>
        </summary>
        <div
          aria-hidden="true"
          class="govuk-details__text"
          id="details-content-4"
        >
          <div>
            a
          </div>
        </div>
      </details>
    </div>
    <div
      class="keyStatTile"
    >
      <div
        class="keyStat"
      >
        <h3
          class="govuk-heading-s"
          data-testid="key-stat-tile-title"
        >
          Overall absence rate
        </h3>
        <p
          class="govuk-heading-xl"
          data-testid="key-stat-tile-value"
        >
          4%
        </p>
        <p
          class="govuk-body-s"
        >
          down 10%
        </p>
      </div>
      <details
        class="govuk-details"
        role="group"
      >
        <summary
          aria-controls="details-content-5"
          aria-expanded="false"
          class="govuk-details__summary"
          role="button"
          tabindex="0"
        >
          <span
            class="govuk-details__summary-text"
            data-testid="Expand Details Section Define 'Overall absence rate'"
          >
            Define 'Overall absence rate'
          </span>
        </summary>
        <div
          aria-hidden="true"
          class="govuk-details__text"
          id="details-content-5"
        >
          <div>
            b
          </div>
        </div>
      </details>
    </div>
    <div
      class="keyStatTile"
    >
      <div
        class="keyStat"
      >
        <h3
          class="govuk-heading-s"
          data-testid="key-stat-tile-title"
        >
          Authorised absence rate
        </h3>
        <p
          class="govuk-heading-xl"
          data-testid="key-stat-tile-value"
        >
          1%
        </p>
        <p
          class="govuk-body-s"
        >
          up 11%
        </p>
      </div>
      <details
        class="govuk-details"
        role="group"
      >
        <summary
          aria-controls="details-content-6"
          aria-expanded="false"
          class="govuk-details__summary"
          role="button"
          tabindex="0"
        >
          <span
            class="govuk-details__summary-text"
            data-testid="Expand Details Section Define 'Authorised absence rate'"
          >
            Define 'Authorised absence rate'
          </span>
        </summary>
        <div
          aria-hidden="true"
          class="govuk-details__text"
          id="details-content-6"
        >
          <div>
            c
          </div>
        </div>
      </details>
    </div>
  </div>
  &lt;div&gt;test&lt;/div&gt;
</section>
`;

exports[`DataBlock renders table 1`] = `null`;
