// Jest Snapshot v1, https://goo.gl/fbAQLP

exports[`DataBlockRenderer renders map instead of chart 1`] = `
<section
  aria-labelledby="test-datablock-charts-tab"
  class="govuk-tabs__panel panel"
  id="test-datablock-charts"
  role="tabpanel"
  tabindex="-1"
>
  
  <a
    aria-live="assertive"
    class="govuk-visually-hidden"
    href="#test-datablock-tables"
  >
    If you are using a keyboard or a screen reader you may wish to view the accessible table instead. Press enter to switch to the data tables tab.
  </a>
  <figure
    class="govuk-!-margin-0"
  >
    <div
      class="govuk-!-margin-bottom-6"
    >
      <form>
        <div
          class="govuk-form-group"
        >
          <fieldset
            class="govuk-fieldset"
            id="data-and-location"
          >
            <legend
              class="govuk-fieldset__legend govuk-fieldset__legend--l govuk-visually-hidden"
            >
              Select data and location to view indicators
            </legend>
            <div
              class="mapContainer"
            >
              <div
                class="govuk-form-group mapIndicator"
              >
                <label
                  class="govuk-label"
                  for="selectedIndicator"
                >
                  1. Select data to view
                </label>
                <select
                  class="govuk-select govuk-!-width-full"
                  id="selectedIndicator"
                  name="selectedIndicator"
                >
                  <option
                    value="23_1_2_____"
                  >
                    Unauthorised absence rate
                  </option>
                  <option
                    value="26_1_2_____"
                  >
                    Overall absence rate
                  </option>
                  <option
                    value="28_1_2_____"
                  >
                    Authorised absence rate
                  </option>
                </select>
              </div>
              <div
                class="govuk-form-group mapLocation"
              >
                <label
                  class="govuk-label"
                  for="selectedLocation"
                >
                  2. Select a location
                </label>
                <select
                  class="govuk-select"
                  id="selectedLocation"
                  name="selectedLocation"
                >
                  <option
                    value=""
                  >
                    Select...
                  </option>
                  <option
                    value="E92000001"
                  >
                    England
                  </option>
                  <option
                    value="S92000001"
                  >
                    Scotland
                  </option>
                </select>
              </div>
            </div>
          </fieldset>
        </div>
      </form>
      <div
        class="mapContainer"
      >
        <div
          class="mapView"
        >
          <div
            class="map dfe-print-break-avoid leaflet-container leaflet-grab leaflet-touch-drag"
            style="width: 900px; height: 300px; position: relative;"
            tabindex="0"
          >
            <div
              class="leaflet-pane leaflet-map-pane"
              style="left: 0px; top: 0px;"
            >
              <div
                class="leaflet-pane leaflet-tile-pane"
              />
              <div
                class="leaflet-pane leaflet-shadow-pane"
              />
              <div
                class="leaflet-pane leaflet-overlay-pane"
              >
                <svg
                  height="0"
                  pointer-events="none"
                  style="left: 0px; top: 0px;"
                  viewBox="0 0 0 0"
                  width="0"
                >
                  <g>
                    <path
                      class="uk leaflet-interactive"
                      d="M-3 3L-3 -3L3 -3L3 3z"
                      fill="#3388ff"
                      fill-opacity="0.2"
                      fill-rule="evenodd"
                      stroke="#3388ff"
                      stroke-linecap="round"
                      stroke-linejoin="round"
                      stroke-opacity="1"
                      stroke-width="3"
                    />
                    <path
                      class="leaflet-interactive"
                      d="M0 0"
                      fill="#bf0000"
                      fill-opacity="0.2"
                      fill-rule="evenodd"
                      stroke="#3388ff"
                      stroke-linecap="round"
                      stroke-linejoin="round"
                      stroke-opacity="1"
                      stroke-width="3"
                    />
                  </g>
                </svg>
              </div>
              <div
                class="leaflet-pane leaflet-marker-pane"
              />
              <div
                class="leaflet-pane leaflet-tooltip-pane"
              />
              <div
                class="leaflet-pane leaflet-popup-pane"
              />
            </div>
            <div
              class="leaflet-control-container"
            >
              <div
                class="leaflet-top leaflet-left"
              >
                <div
                  class="leaflet-control-zoom leaflet-bar leaflet-control"
                >
                  <a
                    aria-label="Zoom in"
                    class="leaflet-control-zoom-in"
                    href="#"
                    role="button"
                    title="Zoom in"
                  >
                    +
                  </a>
                  <a
                    aria-label="Zoom out"
                    class="leaflet-control-zoom-out"
                    href="#"
                    role="button"
                    title="Zoom out"
                  >
                    −
                  </a>
                </div>
              </div>
              <div
                class="leaflet-top leaflet-right"
              />
              <div
                class="leaflet-bottom leaflet-left"
              />
              <div
                class="leaflet-bottom leaflet-right"
              >
                <div
                  class="leaflet-control-attribution leaflet-control"
                >
                  <a
                    href="https://leafletjs.com"
                    title="A JS library for interactive maps"
                  >
                    Leaflet
                  </a>
                </div>
              </div>
            </div>
          </div>
        </div>
        <div
          aria-live="assertive"
          class="mapControls"
        >
          <div
            class="mapKey"
          >
            <h3
              class="govuk-heading-s"
            >
              Key to 
              Unauthorised absence rate
            </h3>
            <dl
              class="govuk-list"
            >
              <dd
                class="legend"
              >
                <span
                  class="rate0"
                  style="background-color: rgb(191, 0, 0);"
                >
                   
                </span>
                 -3% to -3%
              </dd>
              <dd
                class="legend"
              >
                <span
                  class="rate1"
                  style="background-color: rgb(143, 0, 0);"
                >
                   
                </span>
                 -3% to -3%
              </dd>
              <dd
                class="legend"
              >
                <span
                  class="rate2"
                  style="background-color: rgb(95, 0, 0);"
                >
                   
                </span>
                 -3% to -2%
              </dd>
              <dd
                class="legend"
              >
                <span
                  class="rate3"
                  style="background-color: rgb(47, 0, 0);"
                >
                   
                </span>
                 -2% to -2%
              </dd>
              <dd
                class="legend"
              >
                <span
                  class="rate4"
                  style="background-color: rgb(0, 0, 0);"
                >
                   
                </span>
                 -2% to -2%
              </dd>
            </dl>
          </div>
        </div>
      </div>
    </div>
    
  </figure>
</section>
`;

exports[`DataBlockRenderer renders table 1`] = `
<table
  aria-labelledby="dataTableCaption"
  class="govuk-table table"
>
  <thead>
    <tr>
      <td
        class="borderBottom"
        colspan="1"
        rowspan="1"
      />
      <th
        class="govuk-table__header--numeric borderBottom"
        colspan="1"
        rowspan="1"
        scope="col"
      >
        2014/15
      </th>
      <th
        class="govuk-table__header--numeric borderBottom borderRightNone"
        colspan="1"
        rowspan="1"
        scope="col"
      >
        2015/16
      </th>
    </tr>
  </thead>
  <tbody>
    <tr>
      <th
        class=""
        colspan="1"
        rowspan="1"
        scope="row"
      >
        Unauthorised absence rate
      </th>
      <td
        class="govuk-table__cell--numeric borderBottom"
      >
        3%
      </td>
      <td
        class="govuk-table__cell--numeric borderBottom"
      >
        -3%
      </td>
    </tr>
  </tbody>
</table>
`;
