// Jest Snapshot v1, https://goo.gl/fbAQLP

exports[`FormRadioSearchGroup renders list of radio buttons in correct order 1`] = `
<div class="govuk-form-group">
  <fieldset class="govuk-fieldset"
            id="test-radios"
  >
    <legend class="govuk-fieldset__legend govuk-fieldset__legend--m">
      Choose options
    </legend>
    <label class="govuk-label"
           for="test-radios-search"
    >
      Search
    </label>
    <input name="testRadios-search"
           class="govuk-input govuk-!-margin-bottom-4 searchInput govuk-input--width-20"
           id="test-radios-search"
           type="text"
           value
    >
    <div aria-live="assertive">
      <div class="govuk-radios">
        <div class="govuk-radios__item"
             data-testid="Radio item for Test radio 1"
        >
          <input class="govuk-radios__input"
                 id="test-radios-1"
                 name="testRadios"
                 type="radio"
                 value="1"
          >
          <label class="govuk-label govuk-radios__label"
                 for="test-radios-1"
          >
            Test radio 1
          </label>
        </div>
        <div class="govuk-radios__item"
             data-testid="Radio item for Test radio 2"
        >
          <input class="govuk-radios__input"
                 id="test-radios-2"
                 name="testRadios"
                 type="radio"
                 value="2"
          >
          <label class="govuk-label govuk-radios__label"
                 for="test-radios-2"
          >
            Test radio 2
          </label>
        </div>
        <div class="govuk-radios__item"
             data-testid="Radio item for Test radio 3"
        >
          <input class="govuk-radios__input"
                 id="test-radios-3"
                 name="testRadios"
                 type="radio"
                 value="3"
          >
          <label class="govuk-label govuk-radios__label"
                 for="test-radios-3"
          >
            Test radio 3
          </label>
        </div>
      </div>
    </div>
  </fieldset>
</div>
`;
